<html>
<body>
<pre>
<h1>µVision Build Log</h1>
<h2>Tool Versions:</h2>
IDE-Version: µVision V5.40.0.0
Copyright (C) 2024 ARM Ltd and ARM Germany GmbH. All rights reserved.
License Information: MD. AL-AMIN KABIR, gizantech, LIC=----
 
Tool Versions:
Toolchain:       MDK-Lite  Version: 5.40.0.3
Toolchain Path:  C:\Users\ASUS\AppData\Local\Keil_v5\ARM\ARMCLANG\Bin
C Compiler:      ArmClang.exe V6.22
Assembler:       Armasm.exe V6.22
Linker/Locator:  ArmLink.exe V6.22
Library Manager: ArmAr.exe V6.22
Hex Converter:   FromElf.exe V6.22
CPU DLL:         SARMCM3.DLL V5.40.0.3
Dialog DLL:      DARMSTM.DLL V1.69.1.0
Target DLL:      STLink\ST-LINKIII-KEIL_SWO.dll V3.3.0.0
Dialog DLL:      TCM.DLL V1.56.4.0
 
<h2>Project:</h2>
F:\stm32onKiel\ADC\adc.uvprojx
Project File Date:  10/21/2024

<h2>Output:</h2>
*** Using Compiler 'V6.22', folder: 'C:\Users\ASUS\AppData\Local\Keil_v5\ARM\ARMCLANG\Bin'
Rebuild target 'Target 1'
compiling systick_time.c...
compiling help_func.c...
adc_drive.c(85): warning: unused parameter 'port' [-Wunused-parameter]
   85 | char adc_check(char adc, short port, short pin)
      |                                ^
adc_drive.c(85): warning: unused parameter 'pin' [-Wunused-parameter]
   85 | char adc_check(char adc, short port, short pin)
      |                                            ^
adc_drive.c(108): warning: unused parameter 'port' [-Wunused-parameter]
  108 | int adc_rx(char adc, short port, short pin)
      |                            ^
adc_drive.c(108): warning: unused parameter 'pin' [-Wunused-parameter]
  108 | int adc_rx(char adc, short port, short pin)
      |                                        ^
4 warnings generated.
compiling adc_drive.c...
assembling startup_stm32f10x_ld.s...
compiling msg_drive.c...
gp_drive.c(38): warning: variable 'CR' is used uninitialized whenever 'if' condition is false [-Wsometimes-uninitialized]
   38 |         else if(PORT == 3)
      |                 ^~~~~~~~~
gp_drive.c(44): note: uninitialized use occurs here
   44 |         *CR &= ~(0xf<<(tPin)*4);
      |          ^~
gp_drive.c(38): note: remove the 'if' if its condition is always true
   38 |         else if(PORT == 3)
      |              ^~~~~~~~~~~~~
   39 |                 {
gp_drive.c(16): note: initialize the variable 'CR' to silence this warning
   16 |         volatile unsigned long * CR;
      |                                    ^
      |                                     = 0
gp_drive.c(62): warning: variable 'IDR' is used uninitialized whenever 'if' condition is false [-Wsometimes-uninitialized]
   62 |         else if(PORT == 3)
      |                 ^~~~~~~~~
gp_drive.c(66): note: uninitialized use occurs here
   66 |                 state =  ((*IDR & (1<<pin))>>pin)  ;
      |                             ^~~
gp_drive.c(62): note: remove the 'if' if its condition is always true
   62 |         else if(PORT == 3)
      |              ^~~~~~~~~~~~~
   63 |                 {
gp_drive.c(50): note: initialize the variable 'IDR' to silence this warning
   50 |         volatile unsigned long * IDR;
      |                                     ^
      |                                      = 0
2 warnings generated.
compiling gp_drive.c...
compiling uart_drive.c...
compiling main.c...
compiling system_stm32f10x.c...
linking...
Program Size: Code=7794 RO-data=274 RW-data=0 ZI-data=1656  
".\Objects\adc.axf" - 0 Error(s), 6 Warning(s).

<h2>Software Packages used:</h2>

Package Vendor: ARM
                https://www.keil.com/pack/ARM.CMSIS.6.1.0.pack
                ARM::CMSIS@6.1.0
                CMSIS (Common Microcontroller Software Interface Standard)
   * Component: CORE Version: 6.1.0

Package Vendor: Keil
                https://www.keil.com/pack/Keil.STM32F1xx_DFP.2.4.1.pack
                Keil::STM32F1xx_DFP@2.4.1
                STMicroelectronics STM32F1 Series Device Support, Drivers and Examples
   * Component: Startup Version: 1.0.0

<h2>Collection of Component include folders:</h2>
  ./RTE/Device/STM32F103C6
  ./RTE/_Target_1
  C:/Users/ASUS/AppData/Local/Arm/Packs/ARM/CMSIS/6.1.0/CMSIS/Core/Include
  C:/Users/ASUS/AppData/Local/Arm/Packs/Keil/STM32F1xx_DFP/2.4.1/Device/Include

<h2>Collection of Component Files used:</h2>

   * Component: ARM::CMSIS:CORE@6.1.0

   * Component: Keil::Device:Startup@1.0.0
      Source file:   Device/Source/ARM/startup_stm32f10x_ld.s
      Source file:   Device/Source/system_stm32f10x.c
      Include file:  RTE_Driver/Config/RTE_Device.h
      Source file:   Device/Source/ARM/STM32F1xx_OPT.s
Build Time Elapsed:  00:00:01
</pre>
</body>
</html>
