Component: Arm Compiler for Embedded 6.22 Tool: armlink [5ee90200]

==============================================================================

Section Cross References

    main.o(.text.main) refers to gp_drive.o(.text.init_GP) for init_GP
    main.o(.text.main) refers to main.o(.text.ADC_Init) for ADC_Init
    main.o(.text.main) refers to systick_time.o(.text.systick_init) for systick_init
    main.o(.text.main) refers to oled_drive.o(.text.oled_init_64) for oled_init_64
    main.o(.text.main) refers to oled_drive.o(.text.oled_blank) for oled_blank
    main.o(.text.main) refers to main.o(.bss.temperature) for temperature
    main.o(.text.main) refers to main.o(.bss.charTemp) for charTemp
    main.o(.text.main) refers to main.o(.text.floatToStr) for floatToStr
    main.o(.text.main) refers to main.o(.rodata.str1.1) for .L.str
    main.o(.text.main) refers to oled_drive.o(.text.oled_msg) for oled_msg
    main.o(.ARM.exidx.text.main) refers to main.o(.text.main) for [Anonymous Symbol]
    main.o(.text.ADC_Init) refers to main.o(.text.__NVIC_EnableIRQ) for __NVIC_EnableIRQ
    main.o(.ARM.exidx.text.ADC_Init) refers to main.o(.text.ADC_Init) for [Anonymous Symbol]
    main.o(.text.floatToStr) refers to ffix.o(x$fpl$ffix) for __aeabi_f2iz
    main.o(.text.floatToStr) refers to fflt_clz.o(x$fpl$fflt) for __aeabi_i2f
    main.o(.text.floatToStr) refers to faddsub_clz.o(x$fpl$fsub) for __aeabi_fsub
    main.o(.text.floatToStr) refers to fmul.o(x$fpl$fmul) for __aeabi_fmul
    main.o(.ARM.exidx.text.floatToStr) refers to main.o(.text.floatToStr) for [Anonymous Symbol]
    main.o(.ARM.exidx.text.__NVIC_EnableIRQ) refers to main.o(.text.__NVIC_EnableIRQ) for [Anonymous Symbol]
    main.o(.text.ADC1_IRQHandler) refers to main.o(.bss.adcValue) for adcValue
    main.o(.text.ADC1_IRQHandler) refers to main.o(.text.ConvertTemperature) for ConvertTemperature
    main.o(.text.ADC1_IRQHandler) refers to main.o(.bss.temperature) for temperature
    main.o(.ARM.exidx.text.ADC1_IRQHandler) refers to main.o(.text.ADC1_IRQHandler) for [Anonymous Symbol]
    main.o(.text.ConvertTemperature) refers to fflt_clz.o(x$fpl$fflt) for __aeabi_i2f
    main.o(.text.ConvertTemperature) refers to fmul.o(x$fpl$fmul) for __aeabi_fmul
    main.o(.text.ConvertTemperature) refers to fdiv.o(x$fpl$fdiv) for __aeabi_fdiv
    main.o(.ARM.exidx.text.ConvertTemperature) refers to main.o(.text.ConvertTemperature) for [Anonymous Symbol]
    i2c_drive.o(.text.i2c_init) refers to gp_drive.o(.text.init_GP) for init_GP
    i2c_drive.o(.ARM.exidx.text.i2c_init) refers to i2c_drive.o(.text.i2c_init) for [Anonymous Symbol]
    i2c_drive.o(.ARM.exidx.text.i2c_start) refers to i2c_drive.o(.text.i2c_start) for [Anonymous Symbol]
    i2c_drive.o(.ARM.exidx.text.i2c_add) refers to i2c_drive.o(.text.i2c_add) for [Anonymous Symbol]
    i2c_drive.o(.ARM.exidx.text.i2c_data) refers to i2c_drive.o(.text.i2c_data) for [Anonymous Symbol]
    i2c_drive.o(.ARM.exidx.text.i2c_stop) refers to i2c_drive.o(.text.i2c_stop) for [Anonymous Symbol]
    i2c_drive.o(.text.i2c_write) refers to i2c_drive.o(.text.i2c_start) for i2c_start
    i2c_drive.o(.text.i2c_write) refers to i2c_drive.o(.text.i2c_add) for i2c_add
    i2c_drive.o(.text.i2c_write) refers to i2c_drive.o(.text.i2c_data) for i2c_data
    i2c_drive.o(.text.i2c_write) refers to i2c_drive.o(.text.i2c_stop) for i2c_stop
    i2c_drive.o(.ARM.exidx.text.i2c_write) refers to i2c_drive.o(.text.i2c_write) for [Anonymous Symbol]
    systick_time.o(.ARM.exidx.text.systick_init) refers to systick_time.o(.text.systick_init) for [Anonymous Symbol]
    systick_time.o(.ARM.exidx.text.Delaymicro) refers to systick_time.o(.text.Delaymicro) for [Anonymous Symbol]
    systick_time.o(.text.DelayUs) refers to systick_time.o(.text.Delaymicro) for Delaymicro
    systick_time.o(.ARM.exidx.text.DelayUs) refers to systick_time.o(.text.DelayUs) for [Anonymous Symbol]
    systick_time.o(.ARM.exidx.text.DelayMillis) refers to systick_time.o(.text.DelayMillis) for [Anonymous Symbol]
    systick_time.o(.text.DelayMs) refers to systick_time.o(.text.DelayMillis) for DelayMillis
    systick_time.o(.ARM.exidx.text.DelayMs) refers to systick_time.o(.text.DelayMs) for [Anonymous Symbol]
    systick_time.o(.ARM.exidx.text.systick_int_start) refers to systick_time.o(.text.systick_int_start) for [Anonymous Symbol]
    systick_time.o(.text.systick_int) refers to systick_time.o(.text.systick_init) for systick_init
    systick_time.o(.ARM.exidx.text.systick_int) refers to systick_time.o(.text.systick_int) for [Anonymous Symbol]
    gp_drive.o(.ARM.exidx.text.init_GP) refers to gp_drive.o(.text.init_GP) for [Anonymous Symbol]
    gp_drive.o(.ARM.exidx.text.R_GP) refers to gp_drive.o(.text.R_GP) for [Anonymous Symbol]
    gp_drive.o(.ARM.exidx.text.W_GP) refers to gp_drive.o(.text.W_GP) for [Anonymous Symbol]
    gp_drive.o(.text.toggle_GP) refers to gp_drive.o(.text.R_GP) for R_GP
    gp_drive.o(.text.toggle_GP) refers to gp_drive.o(.text.W_GP) for W_GP
    gp_drive.o(.ARM.exidx.text.toggle_GP) refers to gp_drive.o(.text.toggle_GP) for [Anonymous Symbol]
    gp_drive.o(.ARM.exidx.text.PINc) refers to gp_drive.o(.text.PINc) for [Anonymous Symbol]
    gp_drive.o(.text.B_init) refers to gp_drive.o(.text.init_GP) for init_GP
    gp_drive.o(.ARM.exidx.text.B_init) refers to gp_drive.o(.text.B_init) for [Anonymous Symbol]
    gp_drive.o(.text.BLED) refers to gp_drive.o(.text.W_GP) for W_GP
    gp_drive.o(.ARM.exidx.text.BLED) refers to gp_drive.o(.text.BLED) for [Anonymous Symbol]
    gp_drive.o(.text.Digital_Input) refers to gp_drive.o(.text.init_GP) for init_GP
    gp_drive.o(.ARM.exidx.text.Digital_Input) refers to gp_drive.o(.text.Digital_Input) for [Anonymous Symbol]
    gp_drive.o(.text.Digital_Output) refers to gp_drive.o(.text.init_GP) for init_GP
    gp_drive.o(.ARM.exidx.text.Digital_Output) refers to gp_drive.o(.text.Digital_Output) for [Anonymous Symbol]
    oled_drive.o(.text.oled_cmd_1byte) refers to i2c_drive.o(.text.i2c_start) for i2c_start
    oled_drive.o(.text.oled_cmd_1byte) refers to i2c_drive.o(.text.i2c_add) for i2c_add
    oled_drive.o(.text.oled_cmd_1byte) refers to i2c_drive.o(.text.i2c_data) for i2c_data
    oled_drive.o(.text.oled_cmd_1byte) refers to i2c_drive.o(.text.i2c_stop) for i2c_stop
    oled_drive.o(.ARM.exidx.text.oled_cmd_1byte) refers to oled_drive.o(.text.oled_cmd_1byte) for [Anonymous Symbol]
    oled_drive.o(.text.oled_cmd_2byte) refers to i2c_drive.o(.text.i2c_start) for i2c_start
    oled_drive.o(.text.oled_cmd_2byte) refers to i2c_drive.o(.text.i2c_add) for i2c_add
    oled_drive.o(.text.oled_cmd_2byte) refers to i2c_drive.o(.text.i2c_data) for i2c_data
    oled_drive.o(.text.oled_cmd_2byte) refers to i2c_drive.o(.text.i2c_stop) for i2c_stop
    oled_drive.o(.ARM.exidx.text.oled_cmd_2byte) refers to oled_drive.o(.text.oled_cmd_2byte) for [Anonymous Symbol]
    oled_drive.o(.text.oled_init) refers to i2c_drive.o(.text.i2c_init) for i2c_init
    oled_drive.o(.text.oled_init) refers to oled_drive.o(.text.oled_cmd_2byte) for oled_cmd_2byte
    oled_drive.o(.text.oled_init) refers to oled_drive.o(.text.oled_cmd_1byte) for oled_cmd_1byte
    oled_drive.o(.ARM.exidx.text.oled_init) refers to oled_drive.o(.text.oled_init) for [Anonymous Symbol]
    oled_drive.o(.text.oled_init_64) refers to oled_drive.o(.text.oled_init) for oled_init
    oled_drive.o(.ARM.exidx.text.oled_init_64) refers to oled_drive.o(.text.oled_init_64) for [Anonymous Symbol]
    oled_drive.o(.text.oled_init_32) refers to oled_drive.o(.text.oled_init) for oled_init
    oled_drive.o(.ARM.exidx.text.oled_init_32) refers to oled_drive.o(.text.oled_init_32) for [Anonymous Symbol]
    oled_drive.o(.text.oled_data) refers to i2c_drive.o(.text.i2c_start) for i2c_start
    oled_drive.o(.text.oled_data) refers to i2c_drive.o(.text.i2c_add) for i2c_add
    oled_drive.o(.text.oled_data) refers to i2c_drive.o(.text.i2c_data) for i2c_data
    oled_drive.o(.text.oled_data) refers to i2c_drive.o(.text.i2c_stop) for i2c_stop
    oled_drive.o(.ARM.exidx.text.oled_data) refers to oled_drive.o(.text.oled_data) for [Anonymous Symbol]
    oled_drive.o(.text.oled_pos) refers to oled_drive.o(.text.oled_cmd_1byte) for oled_cmd_1byte
    oled_drive.o(.ARM.exidx.text.oled_pos) refers to oled_drive.o(.text.oled_pos) for [Anonymous Symbol]
    oled_drive.o(.text.oled_blank) refers to oled_drive.o(.text.oled_pos) for oled_pos
    oled_drive.o(.text.oled_blank) refers to oled_drive.o(.text.oled_data) for oled_data
    oled_drive.o(.ARM.exidx.text.oled_blank) refers to oled_drive.o(.text.oled_blank) for [Anonymous Symbol]
    oled_drive.o(.text.oled_print) refers to oled_drive.o(.rodata.ASCII) for ASCII
    oled_drive.o(.text.oled_print) refers to oled_drive.o(.text.oled_data) for oled_data
    oled_drive.o(.ARM.exidx.text.oled_print) refers to oled_drive.o(.text.oled_print) for [Anonymous Symbol]
    oled_drive.o(.text.oled_msg) refers to oled_drive.o(.text.oled_pos) for oled_pos
    oled_drive.o(.text.oled_msg) refers to oled_drive.o(.text.oled_print) for oled_print
    oled_drive.o(.ARM.exidx.text.oled_msg) refers to oled_drive.o(.text.oled_msg) for [Anonymous Symbol]
    startup_stm32f10x_ld.o(STACK) refers (Special) to heapauxi.o(.text) for __use_two_region_memory
    startup_stm32f10x_ld.o(HEAP) refers (Special) to heapauxi.o(.text) for __use_two_region_memory
    startup_stm32f10x_ld.o(RESET) refers (Special) to heapauxi.o(.text) for __use_two_region_memory
    startup_stm32f10x_ld.o(RESET) refers to startup_stm32f10x_ld.o(STACK) for __initial_sp
    startup_stm32f10x_ld.o(RESET) refers to startup_stm32f10x_ld.o(.text) for Reset_Handler
    startup_stm32f10x_ld.o(.text) refers (Special) to heapauxi.o(.text) for __use_two_region_memory
    startup_stm32f10x_ld.o(.text) refers to system_stm32f10x.o(.text.SystemInit) for SystemInit
    startup_stm32f10x_ld.o(.text) refers to __main.o(!!!main) for __main
    startup_stm32f10x_ld.o(.text) refers to startup_stm32f10x_ld.o(HEAP) for Heap_Mem
    startup_stm32f10x_ld.o(.text) refers to startup_stm32f10x_ld.o(STACK) for Stack_Mem
    system_stm32f10x.o(.text.SystemInit) refers to system_stm32f10x.o(.text.SetSysClock) for SetSysClock
    system_stm32f10x.o(.ARM.exidx.text.SystemInit) refers to system_stm32f10x.o(.text.SystemInit) for [Anonymous Symbol]
    system_stm32f10x.o(.text.SetSysClock) refers to system_stm32f10x.o(.text.SetSysClockTo72) for SetSysClockTo72
    system_stm32f10x.o(.ARM.exidx.text.SetSysClock) refers to system_stm32f10x.o(.text.SetSysClock) for [Anonymous Symbol]
    system_stm32f10x.o(.text.SystemCoreClockUpdate) refers to system_stm32f10x.o(.data.SystemCoreClock) for SystemCoreClock
    system_stm32f10x.o(.text.SystemCoreClockUpdate) refers to system_stm32f10x.o(.rodata.AHBPrescTable) for AHBPrescTable
    system_stm32f10x.o(.ARM.exidx.text.SystemCoreClockUpdate) refers to system_stm32f10x.o(.text.SystemCoreClockUpdate) for [Anonymous Symbol]
    system_stm32f10x.o(.ARM.exidx.text.SetSysClockTo72) refers to system_stm32f10x.o(.text.SetSysClockTo72) for [Anonymous Symbol]
    __main.o(!!!main) refers to __rtentry.o(.ARM.Collect$$rtentry$$00000000) for __rt_entry
    faddsub_clz.o(x$fpl$fadd) refers (Special) to usenofp.o(x$fpl$usenofp) for __I$use$fp
    faddsub_clz.o(x$fpl$fadd) refers to faddsub_clz.o(x$fpl$fsub) for _fsub1
    faddsub_clz.o(x$fpl$fadd) refers to fretinf.o(x$fpl$fretinf) for __fpl_fretinf
    faddsub_clz.o(x$fpl$fadd) refers to fnaninf.o(x$fpl$fnaninf) for __fpl_fnaninf
    faddsub_clz.o(x$fpl$frsb) refers (Special) to usenofp.o(x$fpl$usenofp) for __I$use$fp
    faddsub_clz.o(x$fpl$frsb) refers to faddsub_clz.o(x$fpl$fadd) for _fadd1
    faddsub_clz.o(x$fpl$frsb) refers to faddsub_clz.o(x$fpl$fsub) for _fsub1
    faddsub_clz.o(x$fpl$fsub) refers (Special) to usenofp.o(x$fpl$usenofp) for __I$use$fp
    faddsub_clz.o(x$fpl$fsub) refers to faddsub_clz.o(x$fpl$fadd) for _fadd1
    faddsub_clz.o(x$fpl$fsub) refers to fnaninf.o(x$fpl$fnaninf) for __fpl_fnaninf
    fdiv.o(x$fpl$frdiv) refers (Special) to usenofp.o(x$fpl$usenofp) for __I$use$fp
    fdiv.o(x$fpl$frdiv) refers to fdiv.o(x$fpl$fdiv) for _fdiv1
    fdiv.o(x$fpl$fdiv) refers (Special) to usenofp.o(x$fpl$usenofp) for __I$use$fp
    fdiv.o(x$fpl$fdiv) refers to fretinf.o(x$fpl$fretinf) for __fpl_fretinf
    fdiv.o(x$fpl$fdiv) refers to fnaninf.o(x$fpl$fnaninf) for __fpl_fnaninf
    ffix.o(x$fpl$ffix) refers (Special) to usenofp.o(x$fpl$usenofp) for __I$use$fp
    ffix.o(x$fpl$ffix) refers to fnaninf.o(x$fpl$fnaninf) for __fpl_fnaninf
    ffix.o(x$fpl$ffixr) refers (Special) to usenofp.o(x$fpl$usenofp) for __I$use$fp
    ffix.o(x$fpl$ffixr) refers to fnaninf.o(x$fpl$fnaninf) for __fpl_fnaninf
    fflt_clz.o(x$fpl$ffltu) refers (Special) to usenofp.o(x$fpl$usenofp) for __I$use$fp
    fflt_clz.o(x$fpl$fflt) refers (Special) to usenofp.o(x$fpl$usenofp) for __I$use$fp
    fflt_clz.o(x$fpl$ffltn) refers (Special) to usenofp.o(x$fpl$usenofp) for __I$use$fp
    fmul.o(x$fpl$fmul) refers (Special) to usenofp.o(x$fpl$usenofp) for __I$use$fp
    fmul.o(x$fpl$fmul) refers to fretinf.o(x$fpl$fretinf) for __fpl_fretinf
    fmul.o(x$fpl$fmul) refers to fnaninf.o(x$fpl$fnaninf) for __fpl_fnaninf
    __rtentry.o(.ARM.Collect$$rtentry$$00000000) refers (Special) to __rtentry2.o(.ARM.Collect$$rtentry$$0000000A) for __rt_entry_li
    __rtentry.o(.ARM.Collect$$rtentry$$00000000) refers (Special) to __rtentry2.o(.ARM.Collect$$rtentry$$0000000D) for __rt_entry_main
    __rtentry.o(.ARM.Collect$$rtentry$$00000000) refers (Special) to __rtentry2.o(.ARM.Collect$$rtentry$$0000000C) for __rt_entry_postli_1
    __rtentry.o(.ARM.Collect$$rtentry$$00000000) refers (Special) to __rtentry2.o(.ARM.Collect$$rtentry$$00000009) for __rt_entry_postsh_1
    __rtentry.o(.ARM.Collect$$rtentry$$00000000) refers (Special) to __rtentry2.o(.ARM.Collect$$rtentry$$00000002) for __rt_entry_presh_1
    __rtentry.o(.ARM.Collect$$rtentry$$00000000) refers (Special) to __rtentry4.o(.ARM.Collect$$rtentry$$00000004) for __rt_entry_sh
    fnaninf.o(x$fpl$fnaninf) refers (Special) to usenofp.o(x$fpl$usenofp) for __I$use$fp
    fretinf.o(x$fpl$fretinf) refers (Special) to usenofp.o(x$fpl$usenofp) for __I$use$fp
    __rtentry2.o(.ARM.Collect$$rtentry$$00000008) refers to boardinit2.o(.text) for _platform_post_stackheap_init
    __rtentry2.o(.ARM.Collect$$rtentry$$0000000A) refers to libinit.o(.ARM.Collect$$libinit$$00000000) for __rt_lib_init
    __rtentry2.o(.ARM.Collect$$rtentry$$0000000B) refers to boardinit3.o(.text) for _platform_post_lib_init
    __rtentry2.o(.ARM.Collect$$rtentry$$0000000D) refers to main.o(.text.main) for main
    __rtentry2.o(.ARM.Collect$$rtentry$$0000000D) refers to exit.o(.text) for exit
    __rtentry2.o(.ARM.exidx) refers to __rtentry2.o(.ARM.Collect$$rtentry$$00000001) for .ARM.Collect$$rtentry$$00000001
    __rtentry2.o(.ARM.exidx) refers to __rtentry2.o(.ARM.Collect$$rtentry$$00000008) for .ARM.Collect$$rtentry$$00000008
    __rtentry2.o(.ARM.exidx) refers to __rtentry2.o(.ARM.Collect$$rtentry$$0000000A) for .ARM.Collect$$rtentry$$0000000A
    __rtentry2.o(.ARM.exidx) refers to __rtentry2.o(.ARM.Collect$$rtentry$$0000000B) for .ARM.Collect$$rtentry$$0000000B
    __rtentry2.o(.ARM.exidx) refers to __rtentry2.o(.ARM.Collect$$rtentry$$0000000D) for .ARM.Collect$$rtentry$$0000000D
    __rtentry4.o(.ARM.Collect$$rtentry$$00000004) refers to sys_stackheap_outer.o(.text) for __user_setup_stackheap
    __rtentry4.o(.ARM.exidx) refers to __rtentry4.o(.ARM.Collect$$rtentry$$00000004) for .ARM.Collect$$rtentry$$00000004
    sys_stackheap_outer.o(.text) refers to libspace.o(.text) for __user_perproc_libspace
    sys_stackheap_outer.o(.text) refers to startup_stm32f10x_ld.o(.text) for __user_initial_stackheap
    exit.o(.text) refers to rtexit.o(.ARM.Collect$$rtexit$$00000000) for __rt_exit
    libinit.o(.ARM.Collect$$libinit$$00000000) refers (Special) to libinit2.o(.ARM.Collect$$libinit$$00000030) for __rt_lib_init_alloca_1
    libinit.o(.ARM.Collect$$libinit$$00000000) refers (Special) to libinit2.o(.ARM.Collect$$libinit$$0000002E) for __rt_lib_init_argv_1
    libinit.o(.ARM.Collect$$libinit$$00000000) refers (Special) to libinit2.o(.ARM.Collect$$libinit$$0000001D) for __rt_lib_init_atexit_1
    libinit.o(.ARM.Collect$$libinit$$00000000) refers (Special) to libinit2.o(.ARM.Collect$$libinit$$00000023) for __rt_lib_init_clock_1
    libinit.o(.ARM.Collect$$libinit$$00000000) refers (Special) to libinit2.o(.ARM.Collect$$libinit$$00000034) for __rt_lib_init_cpp_1
    libinit.o(.ARM.Collect$$libinit$$00000000) refers (Special) to libinit2.o(.ARM.Collect$$libinit$$00000032) for __rt_lib_init_exceptions_1
    libinit.o(.ARM.Collect$$libinit$$00000000) refers (Special) to libinit2.o(.ARM.Collect$$libinit$$00000002) for __rt_lib_init_fp_1
    libinit.o(.ARM.Collect$$libinit$$00000000) refers (Special) to libinit2.o(.ARM.Collect$$libinit$$00000021) for __rt_lib_init_fp_trap_1
    libinit.o(.ARM.Collect$$libinit$$00000000) refers (Special) to libinit2.o(.ARM.Collect$$libinit$$00000025) for __rt_lib_init_getenv_1
    libinit.o(.ARM.Collect$$libinit$$00000000) refers (Special) to libinit2.o(.ARM.Collect$$libinit$$0000000C) for __rt_lib_init_heap_1
    libinit.o(.ARM.Collect$$libinit$$00000000) refers (Special) to libinit2.o(.ARM.Collect$$libinit$$00000013) for __rt_lib_init_lc_collate_1
    libinit.o(.ARM.Collect$$libinit$$00000000) refers (Special) to libinit2.o(.ARM.Collect$$libinit$$00000015) for __rt_lib_init_lc_ctype_1
    libinit.o(.ARM.Collect$$libinit$$00000000) refers (Special) to libinit2.o(.ARM.Collect$$libinit$$00000017) for __rt_lib_init_lc_monetary_1
    libinit.o(.ARM.Collect$$libinit$$00000000) refers (Special) to libinit2.o(.ARM.Collect$$libinit$$00000019) for __rt_lib_init_lc_numeric_1
    libinit.o(.ARM.Collect$$libinit$$00000000) refers (Special) to libinit2.o(.ARM.Collect$$libinit$$0000001B) for __rt_lib_init_lc_time_1
    libinit.o(.ARM.Collect$$libinit$$00000000) refers (Special) to libinit2.o(.ARM.Collect$$libinit$$00000006) for __rt_lib_init_preinit_1
    libinit.o(.ARM.Collect$$libinit$$00000000) refers (Special) to libinit2.o(.ARM.Collect$$libinit$$00000010) for __rt_lib_init_rand_1
    libinit.o(.ARM.Collect$$libinit$$00000000) refers (Special) to libinit2.o(.ARM.Collect$$libinit$$00000004) for __rt_lib_init_relocate_pie_1
    libinit.o(.ARM.Collect$$libinit$$00000000) refers (Special) to libinit2.o(.ARM.Collect$$libinit$$00000035) for __rt_lib_init_return
    libinit.o(.ARM.Collect$$libinit$$00000000) refers (Special) to libinit2.o(.ARM.Collect$$libinit$$0000001F) for __rt_lib_init_signal_1
    libinit.o(.ARM.Collect$$libinit$$00000000) refers (Special) to libinit2.o(.ARM.Collect$$libinit$$00000027) for __rt_lib_init_stdio_1
    libinit.o(.ARM.Collect$$libinit$$00000000) refers (Special) to libinit2.o(.ARM.Collect$$libinit$$0000000E) for __rt_lib_init_user_alloc_1
    libspace.o(.text) refers to libspace.o(.bss) for __libspace_start
    rtexit.o(.ARM.Collect$$rtexit$$00000000) refers (Special) to rtexit2.o(.ARM.Collect$$rtexit$$00000004) for __rt_exit_exit
    rtexit.o(.ARM.Collect$$rtexit$$00000000) refers (Special) to rtexit2.o(.ARM.Collect$$rtexit$$00000003) for __rt_exit_ls
    rtexit.o(.ARM.Collect$$rtexit$$00000000) refers (Special) to rtexit2.o(.ARM.Collect$$rtexit$$00000002) for __rt_exit_prels_1
    rtexit.o(.ARM.exidx) refers (Special) to rtexit2.o(.ARM.Collect$$rtexit$$00000004) for __rt_exit_exit
    rtexit.o(.ARM.exidx) refers (Special) to rtexit2.o(.ARM.Collect$$rtexit$$00000003) for __rt_exit_ls
    rtexit.o(.ARM.exidx) refers (Special) to rtexit2.o(.ARM.Collect$$rtexit$$00000002) for __rt_exit_prels_1
    rtexit.o(.ARM.exidx) refers to rtexit.o(.ARM.Collect$$rtexit$$00000000) for .ARM.Collect$$rtexit$$00000000
    libinit2.o(.ARM.Collect$$libinit$$00000012) refers to libinit2.o(.ARM.Collect$$libinit$$00000011) for .ARM.Collect$$libinit$$00000011
    libinit2.o(.ARM.Collect$$libinit$$00000014) refers to libinit2.o(.ARM.Collect$$libinit$$00000011) for .ARM.Collect$$libinit$$00000011
    libinit2.o(.ARM.Collect$$libinit$$00000016) refers to libinit2.o(.ARM.Collect$$libinit$$00000011) for .ARM.Collect$$libinit$$00000011
    libinit2.o(.ARM.Collect$$libinit$$00000018) refers to libinit2.o(.ARM.Collect$$libinit$$00000011) for .ARM.Collect$$libinit$$00000011
    libinit2.o(.ARM.Collect$$libinit$$0000001A) refers to libinit2.o(.ARM.Collect$$libinit$$00000011) for .ARM.Collect$$libinit$$00000011
    libinit2.o(.ARM.Collect$$libinit$$00000028) refers to argv_veneer.o(.emb_text) for __ARM_argv_veneer
    libinit2.o(.ARM.Collect$$libinit$$00000029) refers to argv_veneer.o(.emb_text) for __ARM_argv_veneer
    rtexit2.o(.ARM.Collect$$rtexit$$00000003) refers to libshutdown.o(.ARM.Collect$$libshutdown$$00000000) for __rt_lib_shutdown
    rtexit2.o(.ARM.Collect$$rtexit$$00000004) refers to sys_exit.o(.text) for _sys_exit
    rtexit2.o(.ARM.exidx) refers to rtexit2.o(.ARM.Collect$$rtexit$$00000001) for .ARM.Collect$$rtexit$$00000001
    rtexit2.o(.ARM.exidx) refers to rtexit2.o(.ARM.Collect$$rtexit$$00000003) for .ARM.Collect$$rtexit$$00000003
    rtexit2.o(.ARM.exidx) refers to rtexit2.o(.ARM.Collect$$rtexit$$00000004) for .ARM.Collect$$rtexit$$00000004
    argv_veneer.o(.emb_text) refers to no_argv.o(.text) for __ARM_get_argv
    sys_exit.o(.text) refers (Special) to use_no_semi.o(.text) for __I$use$semihosting
    sys_exit.o(.text) refers (Special) to indicate_semi.o(.text) for __semihosting_library_function
    sys_exit_hlt.o(.text) refers (Special) to use_no_semi.o(.text) for __I$use$semihosting
    sys_exit_hlt.o(.text) refers (Special) to indicate_semi.o(.text) for __semihosting_library_function
    _get_argv_nomalloc.o(.text) refers (Special) to hrguard.o(.text) for __heap_region$guard
    _get_argv_nomalloc.o(.text) refers to defsig_rtmem_outer.o(.text) for __rt_SIGRTMEM
    _get_argv_nomalloc.o(.text) refers to sys_command.o(.text) for _sys_command_string
    libshutdown.o(.ARM.Collect$$libshutdown$$00000000) refers (Special) to libshutdown2.o(.ARM.Collect$$libshutdown$$00000002) for __rt_lib_shutdown_cpp_1
    libshutdown.o(.ARM.Collect$$libshutdown$$00000000) refers (Special) to libshutdown2.o(.ARM.Collect$$libshutdown$$00000007) for __rt_lib_shutdown_fp_trap_1
    libshutdown.o(.ARM.Collect$$libshutdown$$00000000) refers (Special) to libshutdown2.o(.ARM.Collect$$libshutdown$$0000000F) for __rt_lib_shutdown_heap_1
    libshutdown.o(.ARM.Collect$$libshutdown$$00000000) refers (Special) to libshutdown2.o(.ARM.Collect$$libshutdown$$00000010) for __rt_lib_shutdown_return
    libshutdown.o(.ARM.Collect$$libshutdown$$00000000) refers (Special) to libshutdown2.o(.ARM.Collect$$libshutdown$$0000000A) for __rt_lib_shutdown_signal_1
    libshutdown.o(.ARM.Collect$$libshutdown$$00000000) refers (Special) to libshutdown2.o(.ARM.Collect$$libshutdown$$00000004) for __rt_lib_shutdown_stdio_1
    libshutdown.o(.ARM.Collect$$libshutdown$$00000000) refers (Special) to libshutdown2.o(.ARM.Collect$$libshutdown$$0000000C) for __rt_lib_shutdown_user_alloc_1
    sys_command.o(.text) refers (Special) to use_no_semi.o(.text) for __I$use$semihosting
    sys_command.o(.text) refers (Special) to indicate_semi.o(.text) for __semihosting_library_function
    sys_command_hlt.o(.text) refers (Special) to use_no_semi.o(.text) for __I$use$semihosting
    sys_command_hlt.o(.text) refers (Special) to indicate_semi.o(.text) for __semihosting_library_function
    defsig_rtmem_outer.o(.text) refers to defsig_rtmem_inner.o(.text) for __rt_SIGRTMEM_inner
    defsig_rtmem_outer.o(.text) refers to defsig_exit.o(.text) for __sig_exit
    defsig_rtmem_formal.o(.text) refers to rt_raise.o(.text) for __rt_raise
    rt_raise.o(.text) refers to __raise.o(.text) for __raise
    rt_raise.o(.text) refers to sys_exit.o(.text) for _sys_exit
    defsig_exit.o(.text) refers to sys_exit.o(.text) for _sys_exit
    defsig_rtmem_inner.o(.text) refers to defsig_general.o(.text) for __default_signal_display
    __raise.o(.text) refers to defsig.o(CL$$defsig) for __default_signal_handler
    defsig_general.o(.text) refers to sys_wrch.o(.text) for _ttywrch
    sys_wrch.o(.text) refers (Special) to use_no_semi.o(.text) for __I$use$semihosting
    sys_wrch.o(.text) refers (Special) to indicate_semi.o(.text) for __semihosting_library_function
    sys_wrch_hlt.o(.text) refers (Special) to use_no_semi.o(.text) for __I$use$semihosting
    sys_wrch_hlt.o(.text) refers (Special) to indicate_semi.o(.text) for __semihosting_library_function
    defsig.o(CL$$defsig) refers to defsig_rtmem_inner.o(.text) for __rt_SIGRTMEM_inner
    defsig_abrt_inner.o(.text) refers to defsig_general.o(.text) for __default_signal_display
    defsig_fpe_inner.o(.text) refers to defsig_general.o(.text) for __default_signal_display
    defsig_rtred_inner.o(.text) refers to defsig_general.o(.text) for __default_signal_display
    defsig_stak_inner.o(.text) refers to defsig_general.o(.text) for __default_signal_display
    defsig_pvfn_inner.o(.text) refers to defsig_general.o(.text) for __default_signal_display
    defsig_cppl_inner.o(.text) refers to defsig_general.o(.text) for __default_signal_display
    defsig_segv_inner.o(.text) refers to defsig_general.o(.text) for __default_signal_display
    defsig_other.o(.text) refers to defsig_general.o(.text) for __default_signal_display


==============================================================================

Removing Unused input sections from the image.

    Removing main.o(.text), (0 bytes).
    Removing main.o(.ARM.exidx.text.main), (8 bytes).
    Removing main.o(.ARM.exidx.text.ADC_Init), (8 bytes).
    Removing main.o(.ARM.exidx.text.floatToStr), (8 bytes).
    Removing main.o(.ARM.exidx.text.__NVIC_EnableIRQ), (8 bytes).
    Removing main.o(.text.ADC1_IRQHandler), (76 bytes).
    Removing main.o(.ARM.exidx.text.ADC1_IRQHandler), (8 bytes).
    Removing main.o(.text.ConvertTemperature), (54 bytes).
    Removing main.o(.ARM.exidx.text.ConvertTemperature), (8 bytes).
    Removing main.o(.bss.adcValue), (2 bytes).
    Removing main.o(.ARM.use_no_argv), (4 bytes).
    Removing i2c_drive.o(.text), (0 bytes).
    Removing i2c_drive.o(.ARM.exidx.text.i2c_init), (8 bytes).
    Removing i2c_drive.o(.ARM.exidx.text.i2c_start), (8 bytes).
    Removing i2c_drive.o(.ARM.exidx.text.i2c_add), (8 bytes).
    Removing i2c_drive.o(.ARM.exidx.text.i2c_data), (8 bytes).
    Removing i2c_drive.o(.ARM.exidx.text.i2c_stop), (8 bytes).
    Removing i2c_drive.o(.text.i2c_write), (88 bytes).
    Removing i2c_drive.o(.ARM.exidx.text.i2c_write), (8 bytes).
    Removing systick_time.o(.text), (0 bytes).
    Removing systick_time.o(.ARM.exidx.text.systick_init), (8 bytes).
    Removing systick_time.o(.text.Delaymicro), (48 bytes).
    Removing systick_time.o(.ARM.exidx.text.Delaymicro), (8 bytes).
    Removing systick_time.o(.text.DelayUs), (32 bytes).
    Removing systick_time.o(.ARM.exidx.text.DelayUs), (8 bytes).
    Removing systick_time.o(.text.DelayMillis), (54 bytes).
    Removing systick_time.o(.ARM.exidx.text.DelayMillis), (8 bytes).
    Removing systick_time.o(.text.DelayMs), (32 bytes).
    Removing systick_time.o(.ARM.exidx.text.DelayMs), (8 bytes).
    Removing systick_time.o(.text.systick_int_start), (54 bytes).
    Removing systick_time.o(.ARM.exidx.text.systick_int_start), (8 bytes).
    Removing systick_time.o(.text.systick_int), (168 bytes).
    Removing systick_time.o(.ARM.exidx.text.systick_int), (8 bytes).
    Removing gp_drive.o(.text), (0 bytes).
    Removing gp_drive.o(.ARM.exidx.text.init_GP), (8 bytes).
    Removing gp_drive.o(.text.R_GP), (126 bytes).
    Removing gp_drive.o(.ARM.exidx.text.R_GP), (8 bytes).
    Removing gp_drive.o(.text.W_GP), (160 bytes).
    Removing gp_drive.o(.ARM.exidx.text.W_GP), (8 bytes).
    Removing gp_drive.o(.text.toggle_GP), (64 bytes).
    Removing gp_drive.o(.ARM.exidx.text.toggle_GP), (8 bytes).
    Removing gp_drive.o(.text.PINc), (76 bytes).
    Removing gp_drive.o(.ARM.exidx.text.PINc), (8 bytes).
    Removing gp_drive.o(.text.B_init), (16 bytes).
    Removing gp_drive.o(.ARM.exidx.text.B_init), (8 bytes).
    Removing gp_drive.o(.text.BLED), (24 bytes).
    Removing gp_drive.o(.ARM.exidx.text.BLED), (8 bytes).
    Removing gp_drive.o(.text.Digital_Input), (32 bytes).
    Removing gp_drive.o(.ARM.exidx.text.Digital_Input), (8 bytes).
    Removing gp_drive.o(.text.Digital_Output), (32 bytes).
    Removing gp_drive.o(.ARM.exidx.text.Digital_Output), (8 bytes).
    Removing oled_drive.o(.text), (0 bytes).
    Removing oled_drive.o(.ARM.exidx.text.oled_cmd_1byte), (8 bytes).
    Removing oled_drive.o(.ARM.exidx.text.oled_cmd_2byte), (8 bytes).
    Removing oled_drive.o(.ARM.exidx.text.oled_init), (8 bytes).
    Removing oled_drive.o(.ARM.exidx.text.oled_init_64), (8 bytes).
    Removing oled_drive.o(.text.oled_init_32), (22 bytes).
    Removing oled_drive.o(.ARM.exidx.text.oled_init_32), (8 bytes).
    Removing oled_drive.o(.ARM.exidx.text.oled_data), (8 bytes).
    Removing oled_drive.o(.ARM.exidx.text.oled_pos), (8 bytes).
    Removing oled_drive.o(.ARM.exidx.text.oled_blank), (8 bytes).
    Removing oled_drive.o(.ARM.exidx.text.oled_print), (8 bytes).
    Removing oled_drive.o(.ARM.exidx.text.oled_msg), (8 bytes).
    Removing oled_drive.o(.rodata..L__const.oled_init.cmd), (2 bytes).
    Removing oled_drive.o(.rodata.str1.1), (2 bytes).
    Removing oled_drive.o(.rodata..L__const.oled_init.cmd3), (2 bytes).
    Removing oled_drive.o(.rodata..L__const.oled_init.cmd4), (2 bytes).
    Removing oled_drive.o(.rodata..L__const.oled_init.cmd5), (2 bytes).
    Removing oled_drive.o(.rodata..L__const.oled_init.cmd6), (2 bytes).
    Removing system_stm32f10x.o(.text), (0 bytes).
    Removing system_stm32f10x.o(.ARM.exidx.text.SystemInit), (8 bytes).
    Removing system_stm32f10x.o(.ARM.exidx.text.SetSysClock), (8 bytes).
    Removing system_stm32f10x.o(.text.SystemCoreClockUpdate), (290 bytes).
    Removing system_stm32f10x.o(.ARM.exidx.text.SystemCoreClockUpdate), (8 bytes).
    Removing system_stm32f10x.o(.ARM.exidx.text.SetSysClockTo72), (8 bytes).
    Removing system_stm32f10x.o(.data.SystemCoreClock), (4 bytes).
    Removing system_stm32f10x.o(.rodata.AHBPrescTable), (16 bytes).

77 unused section(s) (total 1822 bytes) removed from the image.

==============================================================================

Image Symbol Table

    Local Symbols

    Symbol Name                              Value     Ov Type        Size  Object(Section)

    ../clib/angel/boardlib.s                 0x00000000   Number         0  boardinit1.o ABSOLUTE
    ../clib/angel/boardlib.s                 0x00000000   Number         0  boardinit2.o ABSOLUTE
    ../clib/angel/boardlib.s                 0x00000000   Number         0  boardinit3.o ABSOLUTE
    ../clib/angel/boardlib.s                 0x00000000   Number         0  boardshut.o ABSOLUTE
    ../clib/angel/handlers.s                 0x00000000   Number         0  __scatter_zi.o ABSOLUTE
    ../clib/angel/kernel.s                   0x00000000   Number         0  __rtentry.o ABSOLUTE
    ../clib/angel/kernel.s                   0x00000000   Number         0  __rtentry2.o ABSOLUTE
    ../clib/angel/kernel.s                   0x00000000   Number         0  __rtentry4.o ABSOLUTE
    ../clib/angel/kernel.s                   0x00000000   Number         0  rtexit.o ABSOLUTE
    ../clib/angel/kernel.s                   0x00000000   Number         0  rtexit2.o ABSOLUTE
    ../clib/angel/rt.s                       0x00000000   Number         0  rt_raise.o ABSOLUTE
    ../clib/angel/scatter.s                  0x00000000   Number         0  __scatter.o ABSOLUTE
    ../clib/angel/startup.s                  0x00000000   Number         0  __main.o ABSOLUTE
    ../clib/angel/sys.s                      0x00000000   Number         0  sys_stackheap_outer.o ABSOLUTE
    ../clib/angel/sys.s                      0x00000000   Number         0  libspace.o ABSOLUTE
    ../clib/angel/sys.s                      0x00000000   Number         0  use_no_semi.o ABSOLUTE
    ../clib/angel/sys.s                      0x00000000   Number         0  indicate_semi.o ABSOLUTE
    ../clib/angel/sysapp.c                   0x00000000   Number         0  sys_exit.o ABSOLUTE
    ../clib/angel/sysapp.c                   0x00000000   Number         0  sys_exit_hlt.o ABSOLUTE
    ../clib/angel/sysapp.c                   0x00000000   Number         0  sys_command.o ABSOLUTE
    ../clib/angel/sysapp.c                   0x00000000   Number         0  sys_command_hlt.o ABSOLUTE
    ../clib/angel/sysapp.c                   0x00000000   Number         0  sys_wrch.o ABSOLUTE
    ../clib/angel/sysapp.c                   0x00000000   Number         0  sys_wrch_hlt.o ABSOLUTE
    ../clib/armsys.c                         0x00000000   Number         0  argv_veneer.o ABSOLUTE
    ../clib/armsys.c                         0x00000000   Number         0  argv_veneer.o ABSOLUTE
    ../clib/armsys.c                         0x00000000   Number         0  _get_argv_nomalloc.o ABSOLUTE
    ../clib/armsys.c                         0x00000000   Number         0  no_argv.o ABSOLUTE
    ../clib/heapalloc.c                      0x00000000   Number         0  hrguard.o ABSOLUTE
    ../clib/heapaux.c                        0x00000000   Number         0  heapauxi.o ABSOLUTE
    ../clib/libinit.s                        0x00000000   Number         0  libinit.o ABSOLUTE
    ../clib/libinit.s                        0x00000000   Number         0  libinit2.o ABSOLUTE
    ../clib/libinit.s                        0x00000000   Number         0  libshutdown.o ABSOLUTE
    ../clib/libinit.s                        0x00000000   Number         0  libshutdown2.o ABSOLUTE
    ../clib/signal.c                         0x00000000   Number         0  defsig_rtmem_outer.o ABSOLUTE
    ../clib/signal.c                         0x00000000   Number         0  defsig_rtmem_formal.o ABSOLUTE
    ../clib/signal.c                         0x00000000   Number         0  defsig_exit.o ABSOLUTE
    ../clib/signal.c                         0x00000000   Number         0  defsig_rtmem_inner.o ABSOLUTE
    ../clib/signal.c                         0x00000000   Number         0  __raise.o ABSOLUTE
    ../clib/signal.c                         0x00000000   Number         0  defsig_general.o ABSOLUTE
    ../clib/signal.c                         0x00000000   Number         0  defsig_abrt_inner.o ABSOLUTE
    ../clib/signal.c                         0x00000000   Number         0  defsig_fpe_inner.o ABSOLUTE
    ../clib/signal.c                         0x00000000   Number         0  defsig_rtred_inner.o ABSOLUTE
    ../clib/signal.c                         0x00000000   Number         0  defsig_stak_inner.o ABSOLUTE
    ../clib/signal.c                         0x00000000   Number         0  defsig_pvfn_inner.o ABSOLUTE
    ../clib/signal.c                         0x00000000   Number         0  defsig_cppl_inner.o ABSOLUTE
    ../clib/signal.c                         0x00000000   Number         0  defsig_segv_inner.o ABSOLUTE
    ../clib/signal.c                         0x00000000   Number         0  defsig_other.o ABSOLUTE
    ../clib/signal.s                         0x00000000   Number         0  defsig.o ABSOLUTE
    ../clib/stdlib.c                         0x00000000   Number         0  exit.o ABSOLUTE
    ../fplib/faddsub.s                       0x00000000   Number         0  faddsub_clz.o ABSOLUTE
    ../fplib/fdiv.s                          0x00000000   Number         0  fdiv.o ABSOLUTE
    ../fplib/ffix.s                          0x00000000   Number         0  ffix.o ABSOLUTE
    ../fplib/fflt.s                          0x00000000   Number         0  fflt_clz.o ABSOLUTE
    ../fplib/fmul.s                          0x00000000   Number         0  fmul.o ABSOLUTE
    ../fplib/fnaninf.s                       0x00000000   Number         0  fnaninf.o ABSOLUTE
    ../fplib/fpinit.s                        0x00000000   Number         0  fpinit.o ABSOLUTE
    ../fplib/fpinit_empty.s                  0x00000000   Number         0  fpinit_empty.o ABSOLUTE
    ../fplib/fretinf.s                       0x00000000   Number         0  fretinf.o ABSOLUTE
    ../fplib/usenofp.s                       0x00000000   Number         0  usenofp.o ABSOLUTE
    RTE/Device/STM32F103C6/startup_stm32f10x_ld.s 0x00000000   Number         0  startup_stm32f10x_ld.o ABSOLUTE
    dc.s                                     0x00000000   Number         0  dc.o ABSOLUTE
    gp_drive.c                               0x00000000   Number         0  gp_drive.o ABSOLUTE
    i2c_drive.c                              0x00000000   Number         0  i2c_drive.o ABSOLUTE
    main.c                                   0x00000000   Number         0  main.o ABSOLUTE
    oled_drive.c                             0x00000000   Number         0  oled_drive.o ABSOLUTE
    system_stm32f10x.c                       0x00000000   Number         0  system_stm32f10x.o ABSOLUTE
    systick_time.c                           0x00000000   Number         0  systick_time.o ABSOLUTE
    RESET                                    0x08000000   Section      236  startup_stm32f10x_ld.o(RESET)
    !!!main                                  0x080000ec   Section        8  __main.o(!!!main)
    !!!scatter                               0x080000f4   Section       92  __scatter.o(!!!scatter)
    !!handler_null                           0x08000150   Section        2  __scatter.o(!!handler_null)
    !!handler_zi                             0x08000154   Section       28  __scatter_zi.o(!!handler_zi)
    .ARM.Collect$$libinit$$00000000          0x08000170   Section        2  libinit.o(.ARM.Collect$$libinit$$00000000)
    .ARM.Collect$$libinit$$00000002          0x08000172   Section        0  libinit2.o(.ARM.Collect$$libinit$$00000002)
    .ARM.Collect$$libinit$$00000004          0x08000172   Section        0  libinit2.o(.ARM.Collect$$libinit$$00000004)
    .ARM.Collect$$libinit$$00000006          0x08000172   Section        0  libinit2.o(.ARM.Collect$$libinit$$00000006)
    .ARM.Collect$$libinit$$0000000C          0x08000172   Section        0  libinit2.o(.ARM.Collect$$libinit$$0000000C)
    .ARM.Collect$$libinit$$0000000E          0x08000172   Section        0  libinit2.o(.ARM.Collect$$libinit$$0000000E)
    .ARM.Collect$$libinit$$00000010          0x08000172   Section        0  libinit2.o(.ARM.Collect$$libinit$$00000010)
    .ARM.Collect$$libinit$$00000013          0x08000172   Section        0  libinit2.o(.ARM.Collect$$libinit$$00000013)
    .ARM.Collect$$libinit$$00000015          0x08000172   Section        0  libinit2.o(.ARM.Collect$$libinit$$00000015)
    .ARM.Collect$$libinit$$00000017          0x08000172   Section        0  libinit2.o(.ARM.Collect$$libinit$$00000017)
    .ARM.Collect$$libinit$$00000019          0x08000172   Section        0  libinit2.o(.ARM.Collect$$libinit$$00000019)
    .ARM.Collect$$libinit$$0000001B          0x08000172   Section        0  libinit2.o(.ARM.Collect$$libinit$$0000001B)
    .ARM.Collect$$libinit$$0000001D          0x08000172   Section        0  libinit2.o(.ARM.Collect$$libinit$$0000001D)
    .ARM.Collect$$libinit$$0000001F          0x08000172   Section        0  libinit2.o(.ARM.Collect$$libinit$$0000001F)
    .ARM.Collect$$libinit$$00000021          0x08000172   Section        0  libinit2.o(.ARM.Collect$$libinit$$00000021)
    .ARM.Collect$$libinit$$00000023          0x08000172   Section        0  libinit2.o(.ARM.Collect$$libinit$$00000023)
    .ARM.Collect$$libinit$$00000025          0x08000172   Section        0  libinit2.o(.ARM.Collect$$libinit$$00000025)
    .ARM.Collect$$libinit$$00000027          0x08000172   Section        0  libinit2.o(.ARM.Collect$$libinit$$00000027)
    .ARM.Collect$$libinit$$0000002E          0x08000172   Section        0  libinit2.o(.ARM.Collect$$libinit$$0000002E)
    .ARM.Collect$$libinit$$00000030          0x08000172   Section        0  libinit2.o(.ARM.Collect$$libinit$$00000030)
    .ARM.Collect$$libinit$$00000032          0x08000172   Section        0  libinit2.o(.ARM.Collect$$libinit$$00000032)
    .ARM.Collect$$libinit$$00000034          0x08000172   Section        0  libinit2.o(.ARM.Collect$$libinit$$00000034)
    .ARM.Collect$$libinit$$00000035          0x08000172   Section        2  libinit2.o(.ARM.Collect$$libinit$$00000035)
    .ARM.Collect$$libshutdown$$00000000      0x08000174   Section        2  libshutdown.o(.ARM.Collect$$libshutdown$$00000000)
    .ARM.Collect$$libshutdown$$00000002      0x08000176   Section        0  libshutdown2.o(.ARM.Collect$$libshutdown$$00000002)
    .ARM.Collect$$libshutdown$$00000004      0x08000176   Section        0  libshutdown2.o(.ARM.Collect$$libshutdown$$00000004)
    .ARM.Collect$$libshutdown$$00000007      0x08000176   Section        0  libshutdown2.o(.ARM.Collect$$libshutdown$$00000007)
    .ARM.Collect$$libshutdown$$0000000A      0x08000176   Section        0  libshutdown2.o(.ARM.Collect$$libshutdown$$0000000A)
    .ARM.Collect$$libshutdown$$0000000C      0x08000176   Section        0  libshutdown2.o(.ARM.Collect$$libshutdown$$0000000C)
    .ARM.Collect$$libshutdown$$0000000F      0x08000176   Section        0  libshutdown2.o(.ARM.Collect$$libshutdown$$0000000F)
    .ARM.Collect$$libshutdown$$00000010      0x08000176   Section        2  libshutdown2.o(.ARM.Collect$$libshutdown$$00000010)
    .ARM.Collect$$rtentry$$00000000          0x08000178   Section        0  __rtentry.o(.ARM.Collect$$rtentry$$00000000)
    .ARM.Collect$$rtentry$$00000002          0x08000178   Section        0  __rtentry2.o(.ARM.Collect$$rtentry$$00000002)
    .ARM.Collect$$rtentry$$00000004          0x08000178   Section        6  __rtentry4.o(.ARM.Collect$$rtentry$$00000004)
    .ARM.Collect$$rtentry$$00000009          0x0800017e   Section        0  __rtentry2.o(.ARM.Collect$$rtentry$$00000009)
    .ARM.Collect$$rtentry$$0000000A          0x0800017e   Section        4  __rtentry2.o(.ARM.Collect$$rtentry$$0000000A)
    .ARM.Collect$$rtentry$$0000000C          0x08000182   Section        0  __rtentry2.o(.ARM.Collect$$rtentry$$0000000C)
    .ARM.Collect$$rtentry$$0000000D          0x08000182   Section        8  __rtentry2.o(.ARM.Collect$$rtentry$$0000000D)
    .ARM.Collect$$rtexit$$00000000           0x0800018a   Section        2  rtexit.o(.ARM.Collect$$rtexit$$00000000)
    .ARM.Collect$$rtexit$$00000002           0x0800018c   Section        0  rtexit2.o(.ARM.Collect$$rtexit$$00000002)
    .ARM.Collect$$rtexit$$00000003           0x0800018c   Section        4  rtexit2.o(.ARM.Collect$$rtexit$$00000003)
    .ARM.Collect$$rtexit$$00000004           0x08000190   Section        6  rtexit2.o(.ARM.Collect$$rtexit$$00000004)
    .text                                    0x08000198   Section       64  startup_stm32f10x_ld.o(.text)
    .text                                    0x080001d8   Section        0  heapauxi.o(.text)
    .text                                    0x080001de   Section       74  sys_stackheap_outer.o(.text)
    .text                                    0x08000228   Section        0  exit.o(.text)
    .text                                    0x0800023c   Section        8  libspace.o(.text)
    .text                                    0x08000244   Section        0  sys_exit.o(.text)
    .text                                    0x08000250   Section        2  use_no_semi.o(.text)
    .text                                    0x08000252   Section        0  indicate_semi.o(.text)
    [Anonymous Symbol]                       0x08000254   Section        0  main.o(.text.ADC_Init)
    SetSysClock                              0x080002bd   Thumb Code     8  system_stm32f10x.o(.text.SetSysClock)
    [Anonymous Symbol]                       0x080002bc   Section        0  system_stm32f10x.o(.text.SetSysClock)
    SetSysClockTo72                          0x080002c5   Thumb Code   290  system_stm32f10x.o(.text.SetSysClockTo72)
    [Anonymous Symbol]                       0x080002c4   Section        0  system_stm32f10x.o(.text.SetSysClockTo72)
    [Anonymous Symbol]                       0x080003e8   Section        0  system_stm32f10x.o(.text.SystemInit)
    __NVIC_EnableIRQ                         0x08000451   Thumb Code    48  main.o(.text.__NVIC_EnableIRQ)
    [Anonymous Symbol]                       0x08000450   Section        0  main.o(.text.__NVIC_EnableIRQ)
    [Anonymous Symbol]                       0x08000480   Section        0  main.o(.text.floatToStr)
    [Anonymous Symbol]                       0x08000524   Section        0  i2c_drive.o(.text.i2c_add)
    [Anonymous Symbol]                       0x08000618   Section        0  i2c_drive.o(.text.i2c_data)
    [Anonymous Symbol]                       0x080006b4   Section        0  i2c_drive.o(.text.i2c_init)
    [Anonymous Symbol]                       0x080007d4   Section        0  i2c_drive.o(.text.i2c_start)
    [Anonymous Symbol]                       0x08000840   Section        0  i2c_drive.o(.text.i2c_stop)
    [Anonymous Symbol]                       0x080008b4   Section        0  gp_drive.o(.text.init_GP)
    [Anonymous Symbol]                       0x080009b8   Section        0  main.o(.text.main)
    [Anonymous Symbol]                       0x08000a20   Section        0  oled_drive.o(.text.oled_blank)
    [Anonymous Symbol]                       0x08000a80   Section        0  oled_drive.o(.text.oled_cmd_1byte)
    [Anonymous Symbol]                       0x08000ac4   Section        0  oled_drive.o(.text.oled_cmd_2byte)
    [Anonymous Symbol]                       0x08000b24   Section        0  oled_drive.o(.text.oled_data)
    [Anonymous Symbol]                       0x08000b68   Section        0  oled_drive.o(.text.oled_init)
    [Anonymous Symbol]                       0x08000c48   Section        0  oled_drive.o(.text.oled_init_64)
    [Anonymous Symbol]                       0x08000c60   Section        0  oled_drive.o(.text.oled_msg)
    [Anonymous Symbol]                       0x08000c90   Section        0  oled_drive.o(.text.oled_pos)
    [Anonymous Symbol]                       0x08000cd4   Section        0  oled_drive.o(.text.oled_print)
    [Anonymous Symbol]                       0x08000d38   Section        0  systick_time.o(.text.systick_init)
    x$fpl$fadd                               0x08000d64   Section      196  faddsub_clz.o(x$fpl$fadd)
    _fadd1                                   0x08000d73   Thumb Code     0  faddsub_clz.o(x$fpl$fadd)
    x$fpl$ffix                               0x08000e28   Section       54  ffix.o(x$fpl$ffix)
    x$fpl$fflt                               0x08000e60   Section       48  fflt_clz.o(x$fpl$fflt)
    x$fpl$fmul                               0x08000e90   Section      258  fmul.o(x$fpl$fmul)
    x$fpl$fnaninf                            0x08000f92   Section      140  fnaninf.o(x$fpl$fnaninf)
    x$fpl$fretinf                            0x0800101e   Section       10  fretinf.o(x$fpl$fretinf)
    x$fpl$fsub                               0x08001028   Section      234  faddsub_clz.o(x$fpl$fsub)
    _fsub1                                   0x08001037   Thumb Code     0  faddsub_clz.o(x$fpl$fsub)
    ASCII                                    0x08001112   Data         480  oled_drive.o(.rodata.ASCII)
    [Anonymous Symbol]                       0x08001112   Section        0  oled_drive.o(.rodata.ASCII)
    x$fpl$usenofp                            0x08001112   Section        0  usenofp.o(x$fpl$usenofp)
    .L.str                                   0x080012f2   Data          12  main.o(.rodata.str1.1)
    [Anonymous Symbol]                       0x080012f2   Section        0  main.o(.rodata.str1.1)
    .bss                                     0x20000000   Section       96  libspace.o(.bss)
    Heap_Mem                                 0x20000070   Data         512  startup_stm32f10x_ld.o(HEAP)
    HEAP                                     0x20000070   Section      512  startup_stm32f10x_ld.o(HEAP)
    Stack_Mem                                0x20000270   Data        1024  startup_stm32f10x_ld.o(STACK)
    STACK                                    0x20000270   Section     1024  startup_stm32f10x_ld.o(STACK)
    __initial_sp                             0x20000670   Data           0  startup_stm32f10x_ld.o(STACK)

    Global Symbols

    Symbol Name                              Value     Ov Type        Size  Object(Section)

    BuildAttributes$$THM_ISAv4$P$D$K$B$S$PE$A:L22UL41UL21$X:L11$S22US41US21$IEEE1$IW$~IW$USESV6$~STKCKD$USESV7$~SHL$OSPACE$ROPI$EBA8$UX$STANDARDLIB$REQ8$PRES8$EABIv2 0x00000000   Number         0  anon$$obj.o ABSOLUTE
    __fp_init_empty                          0x00000000   Number         0  fpinit_empty.o ABSOLUTE
    __ARM_exceptions_init                     - Undefined Weak Reference
    __alloca_initialize                       - Undefined Weak Reference
    __arm_preinit_                            - Undefined Weak Reference
    __arm_relocate_pie_                       - Undefined Weak Reference
    __cpp_initialize__aeabi_                  - Undefined Weak Reference
    __cxa_finalize                            - Undefined Weak Reference
    __rt_locale                               - Undefined Weak Reference
    __sigvec_lookup                           - Undefined Weak Reference
    _atexit_init                              - Undefined Weak Reference
    _call_atexit_fns                          - Undefined Weak Reference
    _clock_init                               - Undefined Weak Reference
    _fp_trap_init                             - Undefined Weak Reference
    _fp_trap_shutdown                         - Undefined Weak Reference
    _get_lc_collate                           - Undefined Weak Reference
    _get_lc_ctype                             - Undefined Weak Reference
    _get_lc_monetary                          - Undefined Weak Reference
    _get_lc_numeric                           - Undefined Weak Reference
    _get_lc_time                              - Undefined Weak Reference
    _getenv_init                              - Undefined Weak Reference
    _handle_redirection                       - Undefined Weak Reference
    _init_alloc                               - Undefined Weak Reference
    _init_user_alloc                          - Undefined Weak Reference
    _initio                                   - Undefined Weak Reference
    _rand_init                                - Undefined Weak Reference
    _signal_finish                            - Undefined Weak Reference
    _signal_init                              - Undefined Weak Reference
    _terminate_alloc                          - Undefined Weak Reference
    _terminate_user_alloc                     - Undefined Weak Reference
    _terminateio                              - Undefined Weak Reference
    __Vectors_Size                           0x000000ec   Number         0  startup_stm32f10x_ld.o ABSOLUTE
    __Vectors                                0x08000000   Data           4  startup_stm32f10x_ld.o(RESET)
    __Vectors_End                            0x080000ec   Data           0  startup_stm32f10x_ld.o(RESET)
    __main                                   0x080000ed   Thumb Code     8  __main.o(!!!main)
    __scatterload                            0x080000f5   Thumb Code     0  __scatter.o(!!!scatter)
    __scatterload_rt2                        0x080000f5   Thumb Code    84  __scatter.o(!!!scatter)
    __scatterload_rt2_thumb_only             0x080000f5   Thumb Code     0  __scatter.o(!!!scatter)
    __scatterload_loop                       0x080000ff   Thumb Code     0  __scatter.o(!!!scatter)
    __scatterload_null                       0x08000151   Thumb Code     2  __scatter.o(!!handler_null)
    __scatterload_zeroinit                   0x08000155   Thumb Code    28  __scatter_zi.o(!!handler_zi)
    __rt_lib_init                            0x08000171   Thumb Code     0  libinit.o(.ARM.Collect$$libinit$$00000000)
    __rt_lib_init_alloca_1                   0x08000173   Thumb Code     0  libinit2.o(.ARM.Collect$$libinit$$00000030)
    __rt_lib_init_argv_1                     0x08000173   Thumb Code     0  libinit2.o(.ARM.Collect$$libinit$$0000002E)
    __rt_lib_init_atexit_1                   0x08000173   Thumb Code     0  libinit2.o(.ARM.Collect$$libinit$$0000001D)
    __rt_lib_init_clock_1                    0x08000173   Thumb Code     0  libinit2.o(.ARM.Collect$$libinit$$00000023)
    __rt_lib_init_cpp_1                      0x08000173   Thumb Code     0  libinit2.o(.ARM.Collect$$libinit$$00000034)
    __rt_lib_init_exceptions_1               0x08000173   Thumb Code     0  libinit2.o(.ARM.Collect$$libinit$$00000032)
    __rt_lib_init_fp_1                       0x08000173   Thumb Code     0  libinit2.o(.ARM.Collect$$libinit$$00000002)
    __rt_lib_init_fp_trap_1                  0x08000173   Thumb Code     0  libinit2.o(.ARM.Collect$$libinit$$00000021)
    __rt_lib_init_getenv_1                   0x08000173   Thumb Code     0  libinit2.o(.ARM.Collect$$libinit$$00000025)
    __rt_lib_init_heap_1                     0x08000173   Thumb Code     0  libinit2.o(.ARM.Collect$$libinit$$0000000C)
    __rt_lib_init_lc_collate_1               0x08000173   Thumb Code     0  libinit2.o(.ARM.Collect$$libinit$$00000013)
    __rt_lib_init_lc_ctype_1                 0x08000173   Thumb Code     0  libinit2.o(.ARM.Collect$$libinit$$00000015)
    __rt_lib_init_lc_monetary_1              0x08000173   Thumb Code     0  libinit2.o(.ARM.Collect$$libinit$$00000017)
    __rt_lib_init_lc_numeric_1               0x08000173   Thumb Code     0  libinit2.o(.ARM.Collect$$libinit$$00000019)
    __rt_lib_init_lc_time_1                  0x08000173   Thumb Code     0  libinit2.o(.ARM.Collect$$libinit$$0000001B)
    __rt_lib_init_preinit_1                  0x08000173   Thumb Code     0  libinit2.o(.ARM.Collect$$libinit$$00000006)
    __rt_lib_init_rand_1                     0x08000173   Thumb Code     0  libinit2.o(.ARM.Collect$$libinit$$00000010)
    __rt_lib_init_relocate_pie_1             0x08000173   Thumb Code     0  libinit2.o(.ARM.Collect$$libinit$$00000004)
    __rt_lib_init_return                     0x08000173   Thumb Code     0  libinit2.o(.ARM.Collect$$libinit$$00000035)
    __rt_lib_init_signal_1                   0x08000173   Thumb Code     0  libinit2.o(.ARM.Collect$$libinit$$0000001F)
    __rt_lib_init_stdio_1                    0x08000173   Thumb Code     0  libinit2.o(.ARM.Collect$$libinit$$00000027)
    __rt_lib_init_user_alloc_1               0x08000173   Thumb Code     0  libinit2.o(.ARM.Collect$$libinit$$0000000E)
    __rt_lib_shutdown                        0x08000175   Thumb Code     0  libshutdown.o(.ARM.Collect$$libshutdown$$00000000)
    __rt_lib_shutdown_cpp_1                  0x08000177   Thumb Code     0  libshutdown2.o(.ARM.Collect$$libshutdown$$00000002)
    __rt_lib_shutdown_fp_trap_1              0x08000177   Thumb Code     0  libshutdown2.o(.ARM.Collect$$libshutdown$$00000007)
    __rt_lib_shutdown_heap_1                 0x08000177   Thumb Code     0  libshutdown2.o(.ARM.Collect$$libshutdown$$0000000F)
    __rt_lib_shutdown_return                 0x08000177   Thumb Code     0  libshutdown2.o(.ARM.Collect$$libshutdown$$00000010)
    __rt_lib_shutdown_signal_1               0x08000177   Thumb Code     0  libshutdown2.o(.ARM.Collect$$libshutdown$$0000000A)
    __rt_lib_shutdown_stdio_1                0x08000177   Thumb Code     0  libshutdown2.o(.ARM.Collect$$libshutdown$$00000004)
    __rt_lib_shutdown_user_alloc_1           0x08000177   Thumb Code     0  libshutdown2.o(.ARM.Collect$$libshutdown$$0000000C)
    __rt_entry                               0x08000179   Thumb Code     0  __rtentry.o(.ARM.Collect$$rtentry$$00000000)
    __rt_entry_presh_1                       0x08000179   Thumb Code     0  __rtentry2.o(.ARM.Collect$$rtentry$$00000002)
    __rt_entry_sh                            0x08000179   Thumb Code     0  __rtentry4.o(.ARM.Collect$$rtentry$$00000004)
    __rt_entry_li                            0x0800017f   Thumb Code     0  __rtentry2.o(.ARM.Collect$$rtentry$$0000000A)
    __rt_entry_postsh_1                      0x0800017f   Thumb Code     0  __rtentry2.o(.ARM.Collect$$rtentry$$00000009)
    __rt_entry_main                          0x08000183   Thumb Code     0  __rtentry2.o(.ARM.Collect$$rtentry$$0000000D)
    __rt_entry_postli_1                      0x08000183   Thumb Code     0  __rtentry2.o(.ARM.Collect$$rtentry$$0000000C)
    __rt_exit                                0x0800018b   Thumb Code     0  rtexit.o(.ARM.Collect$$rtexit$$00000000)
    __rt_exit_ls                             0x0800018d   Thumb Code     0  rtexit2.o(.ARM.Collect$$rtexit$$00000003)
    __rt_exit_prels_1                        0x0800018d   Thumb Code     0  rtexit2.o(.ARM.Collect$$rtexit$$00000002)
    __rt_exit_exit                           0x08000191   Thumb Code     0  rtexit2.o(.ARM.Collect$$rtexit$$00000004)
    Reset_Handler                            0x08000199   Thumb Code     8  startup_stm32f10x_ld.o(.text)
    NMI_Handler                              0x080001a1   Thumb Code     2  startup_stm32f10x_ld.o(.text)
    HardFault_Handler                        0x080001a3   Thumb Code     2  startup_stm32f10x_ld.o(.text)
    MemManage_Handler                        0x080001a5   Thumb Code     2  startup_stm32f10x_ld.o(.text)
    BusFault_Handler                         0x080001a7   Thumb Code     2  startup_stm32f10x_ld.o(.text)
    UsageFault_Handler                       0x080001a9   Thumb Code     2  startup_stm32f10x_ld.o(.text)
    SVC_Handler                              0x080001ab   Thumb Code     2  startup_stm32f10x_ld.o(.text)
    DebugMon_Handler                         0x080001ad   Thumb Code     2  startup_stm32f10x_ld.o(.text)
    PendSV_Handler                           0x080001af   Thumb Code     2  startup_stm32f10x_ld.o(.text)
    SysTick_Handler                          0x080001b1   Thumb Code     2  startup_stm32f10x_ld.o(.text)
    ADC1_2_IRQHandler                        0x080001b3   Thumb Code     0  startup_stm32f10x_ld.o(.text)
    CAN1_RX1_IRQHandler                      0x080001b3   Thumb Code     0  startup_stm32f10x_ld.o(.text)
    CAN1_SCE_IRQHandler                      0x080001b3   Thumb Code     0  startup_stm32f10x_ld.o(.text)
    DMA1_Channel1_IRQHandler                 0x080001b3   Thumb Code     0  startup_stm32f10x_ld.o(.text)
    DMA1_Channel2_IRQHandler                 0x080001b3   Thumb Code     0  startup_stm32f10x_ld.o(.text)
    DMA1_Channel3_IRQHandler                 0x080001b3   Thumb Code     0  startup_stm32f10x_ld.o(.text)
    DMA1_Channel4_IRQHandler                 0x080001b3   Thumb Code     0  startup_stm32f10x_ld.o(.text)
    DMA1_Channel5_IRQHandler                 0x080001b3   Thumb Code     0  startup_stm32f10x_ld.o(.text)
    DMA1_Channel6_IRQHandler                 0x080001b3   Thumb Code     0  startup_stm32f10x_ld.o(.text)
    DMA1_Channel7_IRQHandler                 0x080001b3   Thumb Code     0  startup_stm32f10x_ld.o(.text)
    EXTI0_IRQHandler                         0x080001b3   Thumb Code     0  startup_stm32f10x_ld.o(.text)
    EXTI15_10_IRQHandler                     0x080001b3   Thumb Code     0  startup_stm32f10x_ld.o(.text)
    EXTI1_IRQHandler                         0x080001b3   Thumb Code     0  startup_stm32f10x_ld.o(.text)
    EXTI2_IRQHandler                         0x080001b3   Thumb Code     0  startup_stm32f10x_ld.o(.text)
    EXTI3_IRQHandler                         0x080001b3   Thumb Code     0  startup_stm32f10x_ld.o(.text)
    EXTI4_IRQHandler                         0x080001b3   Thumb Code     0  startup_stm32f10x_ld.o(.text)
    EXTI9_5_IRQHandler                       0x080001b3   Thumb Code     0  startup_stm32f10x_ld.o(.text)
    FLASH_IRQHandler                         0x080001b3   Thumb Code     0  startup_stm32f10x_ld.o(.text)
    I2C1_ER_IRQHandler                       0x080001b3   Thumb Code     0  startup_stm32f10x_ld.o(.text)
    I2C1_EV_IRQHandler                       0x080001b3   Thumb Code     0  startup_stm32f10x_ld.o(.text)
    PVD_IRQHandler                           0x080001b3   Thumb Code     0  startup_stm32f10x_ld.o(.text)
    RCC_IRQHandler                           0x080001b3   Thumb Code     0  startup_stm32f10x_ld.o(.text)
    RTCAlarm_IRQHandler                      0x080001b3   Thumb Code     0  startup_stm32f10x_ld.o(.text)
    RTC_IRQHandler                           0x080001b3   Thumb Code     0  startup_stm32f10x_ld.o(.text)
    SPI1_IRQHandler                          0x080001b3   Thumb Code     0  startup_stm32f10x_ld.o(.text)
    TAMPER_IRQHandler                        0x080001b3   Thumb Code     0  startup_stm32f10x_ld.o(.text)
    TIM1_BRK_IRQHandler                      0x080001b3   Thumb Code     0  startup_stm32f10x_ld.o(.text)
    TIM1_CC_IRQHandler                       0x080001b3   Thumb Code     0  startup_stm32f10x_ld.o(.text)
    TIM1_TRG_COM_IRQHandler                  0x080001b3   Thumb Code     0  startup_stm32f10x_ld.o(.text)
    TIM1_UP_IRQHandler                       0x080001b3   Thumb Code     0  startup_stm32f10x_ld.o(.text)
    TIM2_IRQHandler                          0x080001b3   Thumb Code     0  startup_stm32f10x_ld.o(.text)
    TIM3_IRQHandler                          0x080001b3   Thumb Code     0  startup_stm32f10x_ld.o(.text)
    USART1_IRQHandler                        0x080001b3   Thumb Code     0  startup_stm32f10x_ld.o(.text)
    USART2_IRQHandler                        0x080001b3   Thumb Code     0  startup_stm32f10x_ld.o(.text)
    USBWakeUp_IRQHandler                     0x080001b3   Thumb Code     0  startup_stm32f10x_ld.o(.text)
    USB_HP_CAN1_TX_IRQHandler                0x080001b3   Thumb Code     0  startup_stm32f10x_ld.o(.text)
    USB_LP_CAN1_RX0_IRQHandler               0x080001b3   Thumb Code     0  startup_stm32f10x_ld.o(.text)
    WWDG_IRQHandler                          0x080001b3   Thumb Code     0  startup_stm32f10x_ld.o(.text)
    __user_initial_stackheap                 0x080001b5   Thumb Code     0  startup_stm32f10x_ld.o(.text)
    __use_two_region_memory                  0x080001d9   Thumb Code     2  heapauxi.o(.text)
    __rt_heap_escrow$2region                 0x080001db   Thumb Code     2  heapauxi.o(.text)
    __rt_heap_expand$2region                 0x080001dd   Thumb Code     2  heapauxi.o(.text)
    __user_setup_stackheap                   0x080001df   Thumb Code    74  sys_stackheap_outer.o(.text)
    exit                                     0x08000229   Thumb Code    18  exit.o(.text)
    __user_libspace                          0x0800023d   Thumb Code     8  libspace.o(.text)
    __user_perproc_libspace                  0x0800023d   Thumb Code     0  libspace.o(.text)
    __user_perthread_libspace                0x0800023d   Thumb Code     0  libspace.o(.text)
    _sys_exit                                0x08000245   Thumb Code     8  sys_exit.o(.text)
    __I$use$semihosting                      0x08000251   Thumb Code     0  use_no_semi.o(.text)
    __use_no_semihosting_swi                 0x08000251   Thumb Code     2  use_no_semi.o(.text)
    __semihosting_library_function           0x08000253   Thumb Code     0  indicate_semi.o(.text)
    ADC_Init                                 0x08000255   Thumb Code   104  main.o(.text.ADC_Init)
    SystemInit                               0x080003e9   Thumb Code   102  system_stm32f10x.o(.text.SystemInit)
    floatToStr                               0x08000481   Thumb Code   162  main.o(.text.floatToStr)
    i2c_add                                  0x08000525   Thumb Code   244  i2c_drive.o(.text.i2c_add)
    i2c_data                                 0x08000619   Thumb Code   156  i2c_drive.o(.text.i2c_data)
    i2c_init                                 0x080006b5   Thumb Code   286  i2c_drive.o(.text.i2c_init)
    i2c_start                                0x080007d5   Thumb Code   108  i2c_drive.o(.text.i2c_start)
    i2c_stop                                 0x08000841   Thumb Code   116  i2c_drive.o(.text.i2c_stop)
    init_GP                                  0x080008b5   Thumb Code   258  gp_drive.o(.text.init_GP)
    main                                     0x080009b9   Thumb Code   102  main.o(.text.main)
    oled_blank                               0x08000a21   Thumb Code    96  oled_drive.o(.text.oled_blank)
    oled_cmd_1byte                           0x08000a81   Thumb Code    68  oled_drive.o(.text.oled_cmd_1byte)
    oled_cmd_2byte                           0x08000ac5   Thumb Code    96  oled_drive.o(.text.oled_cmd_2byte)
    oled_data                                0x08000b25   Thumb Code    66  oled_drive.o(.text.oled_data)
    oled_init                                0x08000b69   Thumb Code   222  oled_drive.o(.text.oled_init)
    oled_init_64                             0x08000c49   Thumb Code    22  oled_drive.o(.text.oled_init_64)
    oled_msg                                 0x08000c61   Thumb Code    48  oled_drive.o(.text.oled_msg)
    oled_pos                                 0x08000c91   Thumb Code    68  oled_drive.o(.text.oled_pos)
    oled_print                               0x08000cd5   Thumb Code    98  oled_drive.o(.text.oled_print)
    systick_init                             0x08000d39   Thumb Code    42  systick_time.o(.text.systick_init)
    __aeabi_fadd                             0x08000d65   Thumb Code     0  faddsub_clz.o(x$fpl$fadd)
    _fadd                                    0x08000d65   Thumb Code   196  faddsub_clz.o(x$fpl$fadd)
    __aeabi_f2iz                             0x08000e29   Thumb Code     0  ffix.o(x$fpl$ffix)
    _ffix                                    0x08000e29   Thumb Code    54  ffix.o(x$fpl$ffix)
    __aeabi_i2f                              0x08000e61   Thumb Code     0  fflt_clz.o(x$fpl$fflt)
    _fflt                                    0x08000e61   Thumb Code    48  fflt_clz.o(x$fpl$fflt)
    __aeabi_fmul                             0x08000e91   Thumb Code     0  fmul.o(x$fpl$fmul)
    _fmul                                    0x08000e91   Thumb Code   258  fmul.o(x$fpl$fmul)
    __fpl_fnaninf                            0x08000f93   Thumb Code   140  fnaninf.o(x$fpl$fnaninf)
    __fpl_fretinf                            0x0800101f   Thumb Code    10  fretinf.o(x$fpl$fretinf)
    __aeabi_fsub                             0x08001029   Thumb Code     0  faddsub_clz.o(x$fpl$fsub)
    _fsub                                    0x08001029   Thumb Code   234  faddsub_clz.o(x$fpl$fsub)
    __I$use$fp                               0x08001112   Number         0  usenofp.o(x$fpl$usenofp)
    Region$$Table$$Base                      0x08001300   Number         0  anon$$obj.o(Region$$Table)
    Region$$Table$$Limit                     0x08001310   Number         0  anon$$obj.o(Region$$Table)
    __libspace_start                         0x20000000   Data          96  libspace.o(.bss)
    __temporary_stack_top$libspace           0x20000060   Data           0  libspace.o(.bss)
    charTemp                                 0x20000060   Data           6  main.o(.bss.charTemp)
    temperature                              0x20000068   Data           4  main.o(.bss.temperature)



==============================================================================

Memory Map of the image

  Image Entry point : 0x08000199

  Load Region LR_1 (Base: 0x08000000, Size: 0x00001310, Max: 0xffffffff, ABSOLUTE)

    Execution Region ER_RO (Exec base: 0x08000000, Load base: 0x08000000, Size: 0x00001310, Max: 0xffffffff, ABSOLUTE)

    Exec Addr    Load Addr    Size         Type   Attr      Idx    E Section Name        Object

    0x08000000   0x08000000   0x000000ec   Data   RO          126    RESET               startup_stm32f10x_ld.o
    0x080000ec   0x080000ec   0x00000008   Code   RO          154  * !!!main             c_w.l(__main.o)
    0x080000f4   0x080000f4   0x0000005c   Code   RO          346    !!!scatter          c_w.l(__scatter.o)
    0x08000150   0x08000150   0x00000002   Code   RO          347    !!handler_null      c_w.l(__scatter.o)
    0x08000152   0x08000152   0x00000002   PAD
    0x08000154   0x08000154   0x0000001c   Code   RO          350    !!handler_zi        c_w.l(__scatter_zi.o)
    0x08000170   0x08000170   0x00000002   Code   RO          208    .ARM.Collect$$libinit$$00000000  c_w.l(libinit.o)
    0x08000172   0x08000172   0x00000000   Code   RO          215    .ARM.Collect$$libinit$$00000002  c_w.l(libinit2.o)
    0x08000172   0x08000172   0x00000000   Code   RO          217    .ARM.Collect$$libinit$$00000004  c_w.l(libinit2.o)
    0x08000172   0x08000172   0x00000000   Code   RO          219    .ARM.Collect$$libinit$$00000006  c_w.l(libinit2.o)
    0x08000172   0x08000172   0x00000000   Code   RO          222    .ARM.Collect$$libinit$$0000000C  c_w.l(libinit2.o)
    0x08000172   0x08000172   0x00000000   Code   RO          224    .ARM.Collect$$libinit$$0000000E  c_w.l(libinit2.o)
    0x08000172   0x08000172   0x00000000   Code   RO          226    .ARM.Collect$$libinit$$00000010  c_w.l(libinit2.o)
    0x08000172   0x08000172   0x00000000   Code   RO          229    .ARM.Collect$$libinit$$00000013  c_w.l(libinit2.o)
    0x08000172   0x08000172   0x00000000   Code   RO          231    .ARM.Collect$$libinit$$00000015  c_w.l(libinit2.o)
    0x08000172   0x08000172   0x00000000   Code   RO          233    .ARM.Collect$$libinit$$00000017  c_w.l(libinit2.o)
    0x08000172   0x08000172   0x00000000   Code   RO          235    .ARM.Collect$$libinit$$00000019  c_w.l(libinit2.o)
    0x08000172   0x08000172   0x00000000   Code   RO          237    .ARM.Collect$$libinit$$0000001B  c_w.l(libinit2.o)
    0x08000172   0x08000172   0x00000000   Code   RO          239    .ARM.Collect$$libinit$$0000001D  c_w.l(libinit2.o)
    0x08000172   0x08000172   0x00000000   Code   RO          241    .ARM.Collect$$libinit$$0000001F  c_w.l(libinit2.o)
    0x08000172   0x08000172   0x00000000   Code   RO          243    .ARM.Collect$$libinit$$00000021  c_w.l(libinit2.o)
    0x08000172   0x08000172   0x00000000   Code   RO          245    .ARM.Collect$$libinit$$00000023  c_w.l(libinit2.o)
    0x08000172   0x08000172   0x00000000   Code   RO          247    .ARM.Collect$$libinit$$00000025  c_w.l(libinit2.o)
    0x08000172   0x08000172   0x00000000   Code   RO          249    .ARM.Collect$$libinit$$00000027  c_w.l(libinit2.o)
    0x08000172   0x08000172   0x00000000   Code   RO          253    .ARM.Collect$$libinit$$0000002E  c_w.l(libinit2.o)
    0x08000172   0x08000172   0x00000000   Code   RO          255    .ARM.Collect$$libinit$$00000030  c_w.l(libinit2.o)
    0x08000172   0x08000172   0x00000000   Code   RO          257    .ARM.Collect$$libinit$$00000032  c_w.l(libinit2.o)
    0x08000172   0x08000172   0x00000000   Code   RO          259    .ARM.Collect$$libinit$$00000034  c_w.l(libinit2.o)
    0x08000172   0x08000172   0x00000002   Code   RO          260    .ARM.Collect$$libinit$$00000035  c_w.l(libinit2.o)
    0x08000174   0x08000174   0x00000002   Code   RO          282    .ARM.Collect$$libshutdown$$00000000  c_w.l(libshutdown.o)
    0x08000176   0x08000176   0x00000000   Code   RO          297    .ARM.Collect$$libshutdown$$00000002  c_w.l(libshutdown2.o)
    0x08000176   0x08000176   0x00000000   Code   RO          299    .ARM.Collect$$libshutdown$$00000004  c_w.l(libshutdown2.o)
    0x08000176   0x08000176   0x00000000   Code   RO          302    .ARM.Collect$$libshutdown$$00000007  c_w.l(libshutdown2.o)
    0x08000176   0x08000176   0x00000000   Code   RO          305    .ARM.Collect$$libshutdown$$0000000A  c_w.l(libshutdown2.o)
    0x08000176   0x08000176   0x00000000   Code   RO          307    .ARM.Collect$$libshutdown$$0000000C  c_w.l(libshutdown2.o)
    0x08000176   0x08000176   0x00000000   Code   RO          310    .ARM.Collect$$libshutdown$$0000000F  c_w.l(libshutdown2.o)
    0x08000176   0x08000176   0x00000002   Code   RO          311    .ARM.Collect$$libshutdown$$00000010  c_w.l(libshutdown2.o)
    0x08000178   0x08000178   0x00000000   Code   RO          178    .ARM.Collect$$rtentry$$00000000  c_w.l(__rtentry.o)
    0x08000178   0x08000178   0x00000000   Code   RO          185    .ARM.Collect$$rtentry$$00000002  c_w.l(__rtentry2.o)
    0x08000178   0x08000178   0x00000006   Code   RO          197    .ARM.Collect$$rtentry$$00000004  c_w.l(__rtentry4.o)
    0x0800017e   0x0800017e   0x00000000   Code   RO          187    .ARM.Collect$$rtentry$$00000009  c_w.l(__rtentry2.o)
    0x0800017e   0x0800017e   0x00000004   Code   RO          188    .ARM.Collect$$rtentry$$0000000A  c_w.l(__rtentry2.o)
    0x08000182   0x08000182   0x00000000   Code   RO          190    .ARM.Collect$$rtentry$$0000000C  c_w.l(__rtentry2.o)
    0x08000182   0x08000182   0x00000008   Code   RO          191    .ARM.Collect$$rtentry$$0000000D  c_w.l(__rtentry2.o)
    0x0800018a   0x0800018a   0x00000002   Code   RO          212    .ARM.Collect$$rtexit$$00000000  c_w.l(rtexit.o)
    0x0800018c   0x0800018c   0x00000000   Code   RO          262    .ARM.Collect$$rtexit$$00000002  c_w.l(rtexit2.o)
    0x0800018c   0x0800018c   0x00000004   Code   RO          263    .ARM.Collect$$rtexit$$00000003  c_w.l(rtexit2.o)
    0x08000190   0x08000190   0x00000006   Code   RO          264    .ARM.Collect$$rtexit$$00000004  c_w.l(rtexit2.o)
    0x08000196   0x08000196   0x00000002   PAD
    0x08000198   0x08000198   0x00000040   Code   RO          127  * .text               startup_stm32f10x_ld.o
    0x080001d8   0x080001d8   0x00000006   Code   RO          152    .text               c_w.l(heapauxi.o)
    0x080001de   0x080001de   0x0000004a   Code   RO          199    .text               c_w.l(sys_stackheap_outer.o)
    0x08000228   0x08000228   0x00000012   Code   RO          201    .text               c_w.l(exit.o)
    0x0800023a   0x0800023a   0x00000002   PAD
    0x0800023c   0x0800023c   0x00000008   Code   RO          209    .text               c_w.l(libspace.o)
    0x08000244   0x08000244   0x0000000c   Code   RO          272    .text               c_w.l(sys_exit.o)
    0x08000250   0x08000250   0x00000002   Code   RO          287    .text               c_w.l(use_no_semi.o)
    0x08000252   0x08000252   0x00000000   Code   RO          289    .text               c_w.l(indicate_semi.o)
    0x08000252   0x08000252   0x00000002   PAD
    0x08000254   0x08000254   0x00000068   Code   RO            4    .text.ADC_Init      main.o
    0x080002bc   0x080002bc   0x00000008   Code   RO          136    .text.SetSysClock   system_stm32f10x.o
    0x080002c4   0x080002c4   0x00000122   Code   RO          140    .text.SetSysClockTo72  system_stm32f10x.o
    0x080003e6   0x080003e6   0x00000002   PAD
    0x080003e8   0x080003e8   0x00000066   Code   RO          134    .text.SystemInit    system_stm32f10x.o
    0x0800044e   0x0800044e   0x00000002   PAD
    0x08000450   0x08000450   0x00000030   Code   RO            8    .text.__NVIC_EnableIRQ  main.o
    0x08000480   0x08000480   0x000000a2   Code   RO            6    .text.floatToStr    main.o
    0x08000522   0x08000522   0x00000002   PAD
    0x08000524   0x08000524   0x000000f4   Code   RO           30    .text.i2c_add       i2c_drive.o
    0x08000618   0x08000618   0x0000009c   Code   RO           32    .text.i2c_data      i2c_drive.o
    0x080006b4   0x080006b4   0x0000011e   Code   RO           26    .text.i2c_init      i2c_drive.o
    0x080007d2   0x080007d2   0x00000002   PAD
    0x080007d4   0x080007d4   0x0000006c   Code   RO           28    .text.i2c_start     i2c_drive.o
    0x08000840   0x08000840   0x00000074   Code   RO           34    .text.i2c_stop      i2c_drive.o
    0x080008b4   0x080008b4   0x00000102   Code   RO           66    .text.init_GP       gp_drive.o
    0x080009b6   0x080009b6   0x00000002   PAD
    0x080009b8   0x080009b8   0x00000066   Code   RO            2    .text.main          main.o
    0x08000a1e   0x08000a1e   0x00000002   PAD
    0x08000a20   0x08000a20   0x00000060   Code   RO          105    .text.oled_blank    oled_drive.o
    0x08000a80   0x08000a80   0x00000044   Code   RO           91    .text.oled_cmd_1byte  oled_drive.o
    0x08000ac4   0x08000ac4   0x00000060   Code   RO           93    .text.oled_cmd_2byte  oled_drive.o
    0x08000b24   0x08000b24   0x00000042   Code   RO          101    .text.oled_data     oled_drive.o
    0x08000b66   0x08000b66   0x00000002   PAD
    0x08000b68   0x08000b68   0x000000de   Code   RO           95    .text.oled_init     oled_drive.o
    0x08000c46   0x08000c46   0x00000002   PAD
    0x08000c48   0x08000c48   0x00000016   Code   RO           97    .text.oled_init_64  oled_drive.o
    0x08000c5e   0x08000c5e   0x00000002   PAD
    0x08000c60   0x08000c60   0x00000030   Code   RO          109    .text.oled_msg      oled_drive.o
    0x08000c90   0x08000c90   0x00000044   Code   RO          103    .text.oled_pos      oled_drive.o
    0x08000cd4   0x08000cd4   0x00000062   Code   RO          107    .text.oled_print    oled_drive.o
    0x08000d36   0x08000d36   0x00000002   PAD
    0x08000d38   0x08000d38   0x0000002a   Code   RO           45    .text.systick_init  systick_time.o
    0x08000d62   0x08000d62   0x00000002   PAD
    0x08000d64   0x08000d64   0x000000c4   Code   RO          156    x$fpl$fadd          fz_ws.l(faddsub_clz.o)
    0x08000e28   0x08000e28   0x00000036   Code   RO          166    x$fpl$ffix          fz_ws.l(ffix.o)
    0x08000e5e   0x08000e5e   0x00000002   PAD
    0x08000e60   0x08000e60   0x00000030   Code   RO          171    x$fpl$fflt          fz_ws.l(fflt_clz.o)
    0x08000e90   0x08000e90   0x00000102   Code   RO          176    x$fpl$fmul          fz_ws.l(fmul.o)
    0x08000f92   0x08000f92   0x0000008c   Code   RO          179    x$fpl$fnaninf       fz_ws.l(fnaninf.o)
    0x0800101e   0x0800101e   0x0000000a   Code   RO          181    x$fpl$fretinf       fz_ws.l(fretinf.o)
    0x08001028   0x08001028   0x000000ea   Code   RO          158    x$fpl$fsub          fz_ws.l(faddsub_clz.o)
    0x08001112   0x08001112   0x00000000   Code   RO          183    x$fpl$usenofp       fz_ws.l(usenofp.o)
    0x08001112   0x08001112   0x000001e0   Data   RO          117    .rodata.ASCII       oled_drive.o
    0x080012f2   0x080012f2   0x0000000c   Data   RO           17    .rodata.str1.1      main.o
    0x080012fe   0x080012fe   0x00000002   PAD
    0x08001300   0x08001300   0x00000010   Data   RO          345    Region$$Table       anon$$obj.o


    Execution Region ER_RW (Exec base: 0x20000000, Load base: 0x08001310, Size: 0x00000000, Max: 0xffffffff, ABSOLUTE)

    **** No section assigned to this execution region ****


    Execution Region ER_ZI (Exec base: 0x20000000, Load base: 0x08001310, Size: 0x00000670, Max: 0xffffffff, ABSOLUTE)

    Exec Addr    Load Addr    Size         Type   Attr      Idx    E Section Name        Object

    0x20000000        -       0x00000060   Zero   RW          210    .bss                c_w.l(libspace.o)
    0x20000060        -       0x00000006   Zero   RW           16    .bss.charTemp       main.o
    0x20000066   0x08001310   0x00000002   PAD
    0x20000068        -       0x00000004   Zero   RW           15    .bss.temperature    main.o
    0x2000006c   0x08001310   0x00000004   PAD
    0x20000070        -       0x00000200   Zero   RW          125    HEAP                startup_stm32f10x_ld.o
    0x20000270        -       0x00000400   Zero   RW          124    STACK               startup_stm32f10x_ld.o


==============================================================================

Image component sizes


      Code (inc. data)   RO Data    RW Data    ZI Data      Debug   Object Name

       258          0          0          0          0       2463   gp_drive.o
       910          0          0          0          0       2629   i2c_drive.o
       416          0         12          0         10       4061   main.o
       784          0        480          0          0       2448   oled_drive.o
        64         26        236          0       1536        812   startup_stm32f10x_ld.o
       400          0          0          0          0       2963   system_stm32f10x.o
        42          0          0          0          0       1831   systick_time.o

    ----------------------------------------------------------------------
      2896         26        746          0       1552      17207   Object Totals
         0          0         16          0          0          0   (incl. Generated)
        22          0          2          0          6          0   (incl. Padding)

    ----------------------------------------------------------------------

      Code (inc. data)   RO Data    RW Data    ZI Data      Debug   Library Member Name

         8          0          0          0          0         68   __main.o
         0          0          0          0          0          0   __rtentry.o
        12          0          0          0          0          0   __rtentry2.o
         6          0          0          0          0          0   __rtentry4.o
        94          8          0          0          0          0   __scatter.o
        28          0          0          0          0          0   __scatter_zi.o
        18          0          0          0          0         80   exit.o
         6          0          0          0          0        152   heapauxi.o
         0          0          0          0          0          0   indicate_semi.o
         2          0          0          0          0          0   libinit.o
         2          0          0          0          0          0   libinit2.o
         2          0          0          0          0          0   libshutdown.o
         2          0          0          0          0          0   libshutdown2.o
         8          4          0          0         96         68   libspace.o
         2          0          0          0          0          0   rtexit.o
        10          0          0          0          0          0   rtexit2.o
        12          4          0          0          0         68   sys_exit.o
        74          0          0          0          0         80   sys_stackheap_outer.o
         2          0          0          0          0         68   use_no_semi.o
       430          8          0          0          0        168   faddsub_clz.o
        54          4          0          0          0         84   ffix.o
        48          0          0          0          0         68   fflt_clz.o
       258          4          0          0          0         84   fmul.o
       140          4          0          0          0         84   fnaninf.o
        10          0          0          0          0         68   fretinf.o
         0          0          0          0          0          0   usenofp.o

    ----------------------------------------------------------------------
      1238         36          0          0         96       1140   Library Totals
        10          0          0          0          0          0   (incl. Padding)

    ----------------------------------------------------------------------

      Code (inc. data)   RO Data    RW Data    ZI Data      Debug   Library Name

       288         16          0          0         96        584   c_w.l
       940         20          0          0          0        556   fz_ws.l

    ----------------------------------------------------------------------
      1238         36          0          0         96       1140   Library Totals

    ----------------------------------------------------------------------

==============================================================================


      Code (inc. data)   RO Data    RW Data    ZI Data      Debug   

      4134         62        746          0       1648      17775   Grand Totals
      4134         62        746          0       1648      17775   ELF Image Totals
      4134         62        746          0          0          0   ROM Totals

==============================================================================

    Total RO  Size (Code + RO Data)                 4880 (   4.77kB)
    Total RW  Size (RW Data + ZI Data)              1648 (   1.61kB)
    Total ROM Size (Code + RO Data + RW Data)       4880 (   4.77kB)

==============================================================================

